// Jest Snapshot v1, https://goo.gl/fbAQLP

exports[`DefinitionsList should render definitions list 1`] = `
<div>
  <div
    class="rounded-lg border bg-card text-card-foreground shadow-sm py-3 px-5"
  >
    <div
      class="p-6 pt-0"
    >
      <p
        class="leading-7 [&:not(:first-child)]:mt-6 undefined"
      >
        Definition 2
      </p>
      <div>
        VoteBlock
      </div>
    </div>
  </div>
  <div
    class="rounded-lg border bg-card text-card-foreground shadow-sm py-3 px-5"
  >
    <div
      class="p-6 pt-0"
    >
      <p
        class="leading-7 [&:not(:first-child)]:mt-6 undefined"
      >
        Definition 1
      </p>
      <div>
        VoteBlock
      </div>
    </div>
  </div>
</div>
`;
